"pcp-dstat 6.2.0 CSV Output"
"Author:","PCP team <pcp@groups.io> and Dag Wieers <dag@wieers.com>",,,,"URL:","https://pcp.io/ and http://dag.wieers.com/home-made/dstat/"
"Host:","ubuntu",,,,"User:","ubuntu"
"Cmdline:","dstat -tcmndrylpg --tcp --output /tmp/devstack_logs/dstat-csv.log",,,,"Date:","17 Mar 2026 06:01:36 UTC"
"system","total usage",,,,,"memory usage",,,,"net/total",,"dsk/total",,"io/total",,"system",,"load avg",,,"procs",,,"paging",,"tcp sockets",,,,
"time","total usage:usr","total usage:sys","total usage:idl","total usage:wai","total usage:stl","used","free","buf","cach","net/total:recv","net/total:send","dsk/total:read","dsk/total:writ","read","writ","int","csw","1m","5m","15m","run","blk","new","in","out","lis","act","syn","tim","clo"
17-03 06:01:36,,1028076,615048,215044,5856832,,,,,,,0.910,0.800,0.590,1,0,,,,19,2,0,7,0
17-03 06:01:37,8.739,19.725,70.410,0,0,1029812,613272,215044,5856872,20415.909,1564.001,0,567.275,0,80.897,5701,3780,0.910,0.800,0.590,1,0,363.535,0,0,19,2,0,7,0
17-03 06:01:38,8.998,20.245,68.982,0,0,1005456,637472,215044,5857028,12249.836,1511.610,0,19.995,0,4.999,5186,3356,0.910,0.800,0.590,2,0,292.924,0,0,19,2,0,7,0
17-03 06:01:39,16.511,16.511,65.795,0,0,985324,657584,215044,5857040,19979.651,1567.071,0,16.011,0,4.003,5128,4533,0.910,0.800,0.590,3,0,208.142,0,0,19,2,0,7,0
17-03 06:01:40,16.255,17.005,65.769,0,0,981032,661848,215044,5857508,20296.942,1458.427,0,12.004,0,3.001,5441,5044,0.920,0.800,0.590,3,0,214.063,0,0,19,2,0,7,0
17-03 06:01:41,11.727,8.234,79.597,0,0,1085264,557392,215044,5982084,12576.790,1551.014,0,35.931,0,1.996,3644,4505,0.920,0.800,0.590,1,0,44.914,0,0,20,2,0,7,0
17-03 06:01:42,7.758,7.007,84.086,0,0,1088516,554112,215048,5982112,12217.526,1567.607,0,116.119,0,4.004,2307,1860,0.920,0.800,0.590,1,0,81.083,0,0,20,4,0,7,0
17-03 06:01:43,18.503,7.501,72.762,0,0,1090672,551948,215048,5982120,20936.460,1554.257,0,32.005,0,8.001,2854,1710,0.920,0.800,0.590,1,0,50.008,0,0,20,4,0,7,0
17-03 06:01:44,14.985,11.239,72.176,0.499,0,1107192,535412,215048,5982136,16705.911,1456.510,0,223.771,0,14.985,3870,2794,0.920,0.800,0.590,1,0,154.842,0,0,20,4,0,9,0
17-03 06:01:45,21.256,4.751,72.522,0,0,1155032,486932,215056,5982768,20230.175,1566.478,0,732.223,0,19.006,2104,1456,0.920,0.810,0.590,3,0,0,0,0,20,4,0,9,0
17-03 06:01:46,22.765,2.752,73.299,0,0,1180164,460952,215056,5983368,20152.480,1513.012,0,0,0,0,1886,1137,0.920,0.810,0.590,1,0,0,0,0,20,4,0,9,0
17-03 06:01:47,16.492,5.248,68.468,6.247,0,1198332,437556,215228,5988232,23834.894,1565.271,0,17755.727,0,1538.283,8146,14094,0.920,0.810,0.590,0,1,33.984,0,0,20,6,0,9,0
17-03 06:01:48,15.747,5.999,63.236,11.997,0,1197104,433272,215708,5993100,16390.391,1511.667,0,54775.938,0,4190.077,15855,30362,0.920,0.810,0.590,2,0,53.988,0,0,20,6,0,9,0
17-03 06:01:49,19.033,6.762,72.627,0.250,0,1188260,442100,215716,5993108,11249.599,1460.545,0,1859.239,0,180.314,2997,2188,0.920,0.810,0.590,1,0,75.131,0,0,20,4,0,9,0
17-03 06:01:50,21.990,2.999,73.217,0,0,1223192,407156,215728,5993108,12682.332,1565.300,0,587.737,0,27.987,1861,1275,0.930,0.810,0.600,1,0,0,0,0,20,4,0,9,0
17-03 06:01:51,22.699,3.742,71.588,0.748,0,1242096,388224,215752,5993108,20296.065,1454.708,0,6896.392,0,352.203,2788,3000,0.930,0.810,0.600,1,0,0.998,0,0,20,4,0,9,0
17-03 06:01:52,22.742,2.499,73.473,0,0,1216216,414060,215752,5993120,15953.119,1511.443,0,1107.592,0,96.964,2041,1285,0.930,0.810,0.600,1,0,9.996,0,0,20,4,0,9,0
17-03 06:01:53,23.050,3.257,72.907,0,0,1229300,400936,215752,5993152,19871.766,1569.377,0,0,0,0,1980,1321,0.930,0.810,0.600,1,0,0,0,0,20,4,0,9,0
17-03 06:01:54,22.455,2.994,73.353,0,0,1224092,406144,215752,5993152,22387.202,1508.980,0,3.992,0,0.998,1916,1228,0.930,0.810,0.600,1,0,0,0,0,20,4,0,9,0
17-03 06:01:55,21.522,5.005,73.075,0,0,1166736,463492,215752,5993160,20200.606,1459.489,0,0,0,0,2398,1399,0.940,0.810,0.600,1,0,48.049,0,0,20,4,0,9,0
17-03 06:01:56,9.007,20.015,70.053,0,0,1176224,453952,215752,5993200,12197.143,1567.175,0,8.006,0,2.002,5389,3725,0.940,0.810,0.600,1,0,308.231,0,0,20,4,0,9,0
17-03 06:01:57,9.250,20.749,68.247,0,0,1170104,459916,215752,5993348,12073.519,1511.940,0,143.994,0,11.000,5443,3762,0.940,0.810,0.600,2,0,313.987,0,0,20,4,0,9,0
17-03 06:01:58,20.774,15.518,62.321,0,0,1162692,467252,215756,5993820,23670.975,1567.787,0,140.160,0,10.011,5948,6709,0.940,0.810,0.600,1,0,177.202,0,0,20,4,0,9,0
17-03 06:01:59,40.428,12.977,45.419,0.499,0,1211936,417984,215760,5993832,22288.039,1509.294,0,415.255,0,26.952,4208,2702,0.940,0.810,0.600,2,0,131.764,0,0,20,5,0,9,0
17-03 06:02:00,43.766,6.502,48.768,0,0,1279464,350448,215760,5993848,11322.094,1566.566,0,36.013,0,4.001,2704,1186,1.020,0.830,0.610,3,0,0,0,0,20,5,0,9,0
17-03 06:02:01,47.060,3.755,47.811,0.751,0,1306452,322980,215760,5994292,22018.228,1513.941,0,4726.059,0,287.368,2932,1104,1.020,0.830,0.610,3,0,1.001,0,0,20,5,0,9,0
17-03 06:02:02,40.225,9.744,48.220,0,0,1316184,312500,215764,5994936,18897.429,1457.108,0,1623.006,0,156.904,2944,1520,1.020,0.830,0.610,4,0,0,0,0,20,5,0,9,0
17-03 06:02:03,30.444,10.730,58.144,0,0,1330080,296256,215792,5996932,86149.205,1617.038,0,594.910,0,51.905,4832,4629,1.020,0.830,0.610,4,0,117.784,0,0,20,4,0,10,0
17-03 06:02:04,14.262,6.255,77.818,0,0,1342520,283768,215792,5996924,16388.339,1459.277,0,3162.767,0,16.014,2489,11611,1.020,0.830,0.610,1,0,59.052,0,0,20,4,0,11,0
17-03 06:02:05,22.271,2.502,73.569,0,0,1390904,235384,215792,5996932,14481.506,1567.462,0,0,0,0,1866,1227,1.020,0.840,0.610,1,0,0,0,0,20,4,0,11,0
17-03 06:02:06,21.213,3.494,72.625,0,0,1425680,200608,215792,5996932,22120.779,1509.392,0,11.979,0,2.995,1934,1222,1.020,0.840,0.610,1,0,0,0,0,20,4,0,11,0
17-03 06:02:07,23.520,2.252,73.314,0,0,1447388,178656,215792,5997172,15828.727,1459.266,0,0,0,0,1928,1174,1.020,0.840,0.610,1,0,0,0,0,20,6,0,10,0
17-03 06:02:08,22.290,4.258,71.129,1.252,0,1373244,253248,215828,5997212,13038.575,1622.934,0,2075.753,0,227.411,3973,5050,1.020,0.840,0.610,2,0,12.022,0,0,20,4,0,12,0
17-03 06:02:09,20.229,5.744,73.174,0.250,0,1429272,197080,215832,5997308,20432.889,1550.398,0,287.703,0,17.981,2103,1441,1.020,0.840,0.610,0,1,30.968,0,0,20,4,0,12,0
17-03 06:02:10,20.017,1.501,73.812,3.753,0,1443136,182656,216096,5997556,15205.750,1459.224,388.326,0,12.010,0,1572,979,1.020,0.840,0.610,1,0,0,0,0,20,9,0,12,0
17-03 06:02:11,19.474,3.246,71.157,4.744,0,1443056,182612,216112,5997632,19646.220,1617.877,71.906,3235.754,17.976,140.815,2752,3002,1.020,0.840,0.610,2,0,1.997,0,0,20,16,0,13,0
17-03 06:02:12,17.260,1.751,72.791,7.254,0,1444212,181104,216152,5997800,17957.123,1458.822,192.108,1656.934,47.027,21.012,2111,1724,1.020,0.840,0.610,3,0,2.001,0,0,20,28,0,13,0
17-03 06:02:13,20.257,6.252,72.526,0,0,1472692,152616,216152,5997808,12314.445,1620.585,0,0,0,0,2331,1514,1.020,0.840,0.610,2,0,43.016,0,0,20,28,0,13,0
17-03 06:02:14,22.721,3.995,72.407,0,0,1460840,179988,214084,5984560,21566.362,1456.134,3.995,383.509,0.999,3.995,2093,1259,1.020,0.840,0.610,2,0,0,0,0,20,28,0,13,0
17-03 06:02:15,23.517,12.259,63.296,0.250,0,1455048,185724,214084,5984584,15220.952,1513.089,0,2225.601,0,67.048,3893,2681,1.020,0.840,0.610,3,0,156.112,0,0,20,28,0,13,0
17-03 06:02:16,44.537,6.505,47.789,0,0,1450992,275628,212616,5901292,20223.609,1567.287,0,1273.046,0,10.008,2999,1343,1.020,0.840,0.610,3,0,0,0,0,20,28,0,13,0
17-03 06:02:17,36.882,3.738,48.096,10.467,0,1477164,249252,212616,5901496,15767.621,1507.184,203.350,0,50.838,0,2934,2068,1.020,0.840,0.610,4,0,0,0,0,20,28,0,13,0
17-03 06:02:18,41.901,14.051,40.646,2.007,0,1419252,306860,212636,5901780,19644.786,1571.663,56.203,441.591,14.051,43.156,7139,8591,1.020,0.840,0.610,5,0,246.890,0,0,20,28,0,15,0
17-03 06:02:19,74.248,24.999,0,0,0,1515568,210540,212636,5901812,15930.568,1457.961,4.000,227.994,1.000,16.000,5453,3833,1.020,0.840,0.610,6,0,331.991,0,0,20,28,0,15,0
17-03 06:02:20,87.616,12.980,0.250,0,0,1685100,210764,206936,5741548,12224.242,1617.518,0,147.773,0,6.989,5274,3031,1.500,0.950,0.650,6,0,0,0,0,20,30,0,15,0
17-03 06:02:21,88.038,10.004,1.251,0,0,1765064,179888,206944,5693296,11586.951,1458.623,40.017,924.395,5.002,57.024,6776,6448,1.500,0.950,0.650,10,1,1.000,0,0,20,28,0,15,0
17-03 06:02:22,86.101,10.232,3.494,0,0,1665376,306528,206532,5667480,21204.312,1563.295,3.993,323.440,0.998,27.952,7850,9515,1.500,0.950,0.650,5,0,57.900,0,0,20,30,0,15,0
17-03 06:02:23,34.036,15.266,48.552,1.752,0,1406980,563424,206540,5668972,15920.044,1513.621,1517.625,396.424,35.038,38.041,4423,4290,1.500,0.950,0.650,1,0,252.270,0,0,20,28,0,15,0
17-03 06:02:24,22.273,3.504,73.325,0.501,0,1453976,516352,206544,5669044,19325.653,1567.594,32.033,240.244,5.005,12.012,1939,1176,1.500,0.950,0.650,1,0,0,0,0,20,28,0,15,0
17-03 06:02:25,23.747,1.750,71.992,0,0,1454572,513440,206548,5671356,19542.784,1511.829,2287.741,227.974,19.998,19.998,3283,3264,1.460,0.950,0.650,1,0,0,0,0,20,28,0,15,0
17-03 06:02:26,18.979,7.492,71.919,0.499,0,1431860,536128,206564,5671364,20525.875,1456.359,0,4071.413,0,197.777,2938,2463,1.460,0.950,0.650,1,0,67.923,0,0,20,28,0,15,0
17-03 06:02:27,23.199,2.495,73.090,0,0,1429976,537880,206564,5671496,18999.478,1616.467,0,67.852,0,4.989,2254,1697,1.460,0.950,0.650,1,0,0,0,0,20,28,0,12,0
17-03 06:02:28,18.326,10.544,70.293,0.251,0,1396064,571784,206568,5671500,13347.648,1464.104,16.067,148.620,1.004,17.071,4466,3963,1.460,0.950,0.650,2,0,185.775,0,0,20,28,0,12,0
17-03 06:02:29,13.246,26.492,59.483,0,0,1391960,575836,206580,5671540,11529.691,1619.535,0,207.940,0,13.996,6203,4625,1.460,0.950,0.650,4,0,571.836,0,0,20,28,0,12,0
17-03 06:02:30,74.777,23.508,1.501,0,0,1525376,442396,206580,5671564,21206.614,1458.524,0,872.313,0,86.031,5246,3079,1.740,1.010,0.670,5,0,281.101,0,0,20,28,0,12,0
17-03 06:02:31,89.892,9.988,0.499,0,0.250,1679256,288504,206584,5671572,15483.379,1456.249,0,715.140,0,36.956,5223,3005,1.740,1.010,0.670,5,0,0.999,0,0,20,28,0,10,0
17-03 06:02:32,84.079,7.757,7.507,0,0,1710584,257100,206584,5671648,19879.645,1621.521,0,76.071,0,6.006,7168,9350,1.740,1.010,0.670,3,0,0,0,0,20,33,0,13,0
17-03 06:02:33,80.260,15.752,3.500,0,0,1588864,378556,206600,5671896,88442.943,1458.180,0,644.080,0,78.010,7302,10524,1.740,1.010,0.670,6,0,218.027,0,0,20,28,0,13,0
17-03 06:02:34,84.004,16.001,0,0,0,1606908,360356,206600,5672052,19653.956,1458.071,0,220.011,0,12.001,5239,3101,1.740,1.010,0.670,6,0,92.004,0,0,20,28,0,13,0
17-03 06:02:35,89.499,10.250,0.250,0,0,1719628,247636,206600,5672052,16099.808,1619.981,0,147.998,0,8.000,5392,3228,2.080,1.100,0.700,6,0,0,0,0,20,28,0,13,0
17-03 06:02:36,89.023,9.227,0.997,0,0,1781932,185272,206608,5672104,11799.965,1454.298,0,789.989,0,47.878,7051,8068,2.080,1.100,0.700,5,0,0,0,0,20,31,0,16,0
17-03 06:02:37,86.611,10.483,2.246,0,0,1769240,197748,206608,5672320,19646.498,1617.407,0,3522.352,0,457.267,7469,12446,2.080,1.100,0.700,4,0,99.840,0,0,20,29,0,16,0
17-03 06:02:38,46.654,14.046,38.628,0,0,1692488,274536,206608,5672352,20318.069,1462.829,0,325.073,0,29.096,4343,3273,2.080,1.100,0.700,2,0,198.656,0,0,20,28,0,16,0
17-03 06:02:39,45.688,4.993,48.684,0,0,1692116,274888,206612,5672368,11608.203,1456.019,0,147.799,0,7.989,3316,2184,2.080,1.100,0.700,2,0,0,0,0,20,28,0,16,0
17-03 06:02:40,42.794,10.761,44.796,0.250,0,1689724,277100,206616,5672544,20256.026,1621.683,0,744.773,0,57.059,6108,6749,2.070,1.110,0.710,5,0,148.154,0,0,20,28,0,16,0
17-03 06:02:41,61.179,18.479,20.726,0,0,1657696,309108,206620,5672560,19558.286,1498.260,0,203.763,0,11.986,4445,2559,2.070,1.110,0.710,3,0,230.732,0,0,20,28,0,16,0
17-03 06:02:42,67.654,8.018,23.804,0,0,1651972,314820,206620,5672572,19509.267,1569.561,0,581.319,0,10.023,4254,2608,2.070,1.110,0.710,3,0,0,0,0,20,28,0,16,0
17-03 06:02:43,60.001,10.250,27.750,0.250,0,1521712,444964,206648,5672660,19515.164,1554.013,4.000,1636.014,1.000,86.001,7589,9735,2.070,1.110,0.710,5,0,133.001,0,0,20,28,0,17,0
17-03 06:02:44,80.505,19.001,0.500,0,0,1581004,385652,206648,5672680,12089.725,1458.087,0,208.012,0,8.000,4897,2147,2.070,1.110,0.710,4,0,125.008,0,0,20,28,0,17,0
17-03 06:02:45,88.997,8.000,3.250,0,0,1666772,299740,206652,5672820,20606.288,1619.944,0,2651.908,0,68.998,5370,3024,2.230,1.160,0.730,4,0,0,0,0,20,28,0,17,0
17-03 06:02:46,65.496,10.249,22.499,0,0,1635304,331136,206652,5672892,15550.058,1457.912,0,1271.923,0,87.995,9096,12696,2.230,1.160,0.730,5,0,127.992,0,0,20,28,0,18,0
17-03 06:02:47,64.973,19.242,14.494,1.499,0,1550876,415528,206656,5672924,14440.060,1457.401,3.998,123.949,1.000,10.995,4510,2737,2.230,1.160,0.730,3,0,201.917,0,0,20,28,0,18,0
17-03 06:02:48,67.728,7.248,24.992,0,0,1589776,376488,206656,5673064,21913.946,1619.479,0,155.950,0,7.997,4206,2502,2.230,1.160,0.730,3,0,0,0,0,20,28,0,16,0
17-03 06:02:49,63.298,13.510,22.267,0.250,0,1548180,418032,206660,5673112,19043.479,1459.109,0,704.536,0,55.042,7515,9640,2.230,1.160,0.730,4,0,193.147,0,0,20,28,0,16,0
17-03 06:02:50,66.907,14.730,17.725,0,0,1541972,424204,206664,5673144,19913.287,1455.974,0,155.783,0,8.987,4182,1923,2.370,1.210,0.750,3,0,105.853,0,0,20,28,0,16,0
17-03 06:02:51,67.018,6.752,25.757,0,0,1600064,366104,206664,5673152,14342.782,1620.427,0,140.037,0,6.002,4344,2626,2.370,1.210,0.750,3,0,1.000,0,0,20,28,0,16,0
17-03 06:02:52,61.316,6.507,30.783,0,0,1550556,415316,206664,5673448,11575.502,1459.576,0,576.623,0,37.040,6845,8189,2.370,1.210,0.750,3,0,50.054,0,0,20,28,0,16,0
17-03 06:02:53,60.047,18.687,20.929,0,0,1528228,437576,206672,5673508,19176.076,1453.080,0,283.042,0,23.919,4562,2754,2.370,1.210,0.750,3,0,236.200,0,0,20,28,0,16,0
17-03 06:02:54,68.482,6.773,24.834,0,0,1590292,375368,206676,5673648,21772.868,1462.963,0,132.449,0,8.027,4295,2503,2.370,1.210,0.750,3,0,0,0,0,20,28,0,16,0
17-03 06:02:55,63.937,5.245,28.972,0.749,0,1560304,405072,206780,5673828,23979.457,1456.570,99.902,371.635,4.995,35.965,7155,7967,2.420,1.240,0.760,3,0,13.986,0,0,20,28,0,16,0
17-03 06:02:56,61.535,14.258,24.264,0,0,1506704,458652,206780,5673848,19035.926,1620.930,0,152.087,0,9.005,4375,2138,2.420,1.240,0.760,3,0,98.056,0,0,20,28,0,16,0
17-03 06:02:57,68.787,6.253,24.513,0,0,1567368,397984,206780,5673852,19807.614,1458.782,0,148.079,0,10.005,4131,2730,2.420,1.240,0.760,3,0,0,0,0,20,28,0,16,0
17-03 06:02:58,60.744,13.499,25.248,0.500,0,1504020,461268,206788,5673908,21889.917,1978.812,0,1047.900,0,85.992,7681,9027,2.420,1.240,0.760,3,0,195.981,0,0,20,28,0,16,0
17-03 06:02:59,72.713,25.737,1.249,0,0.250,1524472,440820,206788,5673940,12274.709,1499.232,0,187.904,0,19.990,5408,4047,2.420,1.240,0.760,7,0,405.792,0,0,20,28,0,16,0
17-03 06:03:00,82.210,17.491,0.250,0,0,1663000,302256,206788,5673976,11061.551,1619.202,0,151.925,0,7.996,5262,4030,2.790,1.330,0.790,7,0,278.863,0,0,20,28,0,16,0
17-03 06:03:01,82.584,17.017,0,0,0,1774612,190448,206788,5674172,20582.996,1459.489,0,492.502,0,25.026,6063,5311,2.790,1.330,0.790,7,0,258.263,0,0,20,28,0,16,0
17-03 06:03:02,84.249,16.000,0,0,0,1742592,222436,206800,5674192,19131.681,1457.976,0,459.992,0,36.999,7276,8109,2.790,1.330,0.790,7,0,252.996,0,0,20,29,0,16,0
17-03 06:03:03,80.499,19.250,0.250,0,0,1634040,330920,206808,5674252,88175.438,1457.991,0,271.998,0,25.000,7579,8028,2.790,1.330,0.790,6,0,241.998,0,0,20,28,0,16,0
17-03 06:03:04,81.302,18.150,0,0,0,1649252,315512,206808,5674448,14887.006,1611.126,31.825,3.978,1.989,0.995,5365,3334,2.790,1.330,0.790,6,0,233.713,0,0,20,28,0,15,0
17-03 06:03:05,88.940,10.552,0.502,0,0,1731940,232768,206808,5674540,19249.188,1465.246,4.020,0,1.005,0,5650,13875,3.130,1.430,0.820,5,0,22.109,0,0,20,29,0,16,0
17-03 06:03:06,80.866,7.987,9.983,0,0,1663184,301316,206808,5674712,14847.391,1455.587,0,407.325,0,19.967,8115,11027,3.130,1.430,0.820,6,0,24.959,0,0,20,29,0,17,0
17-03 06:03:07,58.272,21.508,20.007,0,0,1452564,511876,206808,5674772,11605.314,1620.602,0,16.006,0,4.001,7505,9107,3.130,1.430,0.820,3,0,451.168,0,0,20,28,0,18,0
17-03 06:03:08,16.279,26.547,55.848,0,0,1367840,596564,206812,5674804,21373.691,1460.576,0,573.010,0,45.079,6400,4848,3.130,1.430,0.820,5,0,535.945,0,0,20,28,0,17,0
17-03 06:03:09,62.760,32.755,4.501,0,0,1471656,492728,206824,5674812,16124.588,1552.249,12.002,176.028,3.000,16.003,5627,4397,3.130,1.430,0.820,7,0,615.099,0,0,20,28,0,17,0
17-03 06:03:10,78.875,20.717,0,0,0,1620220,344112,206824,5674864,14100.730,1455.701,3.994,11.981,0.998,2.995,5906,4727,3.360,1.500,0.850,6,0,329.480,0,0,20,29,0,17,0
17-03 06:03:11,88.363,11.014,1.001,0,0,1713096,251192,206840,5674892,21823.788,1622.065,4.005,636.811,1.001,54.069,7059,7579,3.360,1.500,0.850,6,0,91.116,0,0,20,30,0,17,0
17-03 06:03:12,85.017,14.003,1.000,0,0,1634924,329308,206848,5674940,14720.984,1458.296,4.001,420.085,1.000,34.007,6791,6649,3.360,1.500,0.850,6,0,152.031,0,0,20,32,0,14,0
17-03 06:03:13,86.999,11.750,0.500,0,0,1676820,287184,206856,5675160,20127.808,1950.981,0,351.997,0,31.000,7580,7707,3.360,1.500,0.850,6,0,82.999,0,0,20,33,0,14,0
17-03 06:03:14,85.006,15.501,0.250,0,0,1666640,295876,206892,5676612,25896.925,4036.300,312.023,1168.087,12.001,15.001,5352,3427,3.360,1.500,0.850,6,0,134.010,0,0,20,33,0,14,0
17-03 06:03:15,88.245,10.499,0.750,0,0.250,1741480,216144,207112,5680548,15266.187,1793.904,0,967.948,0,19.999,7028,7169,3.730,1.610,0.890,6,0,1.000,0,0,20,32,0,14,0
17-03 06:03:16,89.272,9.226,1.247,0,0,1765268,190864,207140,5681852,21162.005,1615.877,0,3750.431,0,135.654,8264,10228,3.730,1.610,0.890,6,0,1.995,0,0,20,34,0,14,0
17-03 06:03:17,85.979,12.212,1.495,0,0,1729632,225948,207160,5682336,23935.611,1614.914,0,458.556,0,25.918,7709,29758,3.730,1.610,0.890,5,0,35.887,0,0,20,35,0,14,0
17-03 06:03:18,85.078,13.552,0.502,0.251,0,1633976,320884,207184,5682968,12765.235,1463.645,0,4300.587,0,164.635,7911,10700,3.730,1.610,0.890,6,0,104.403,0,0,20,33,0,14,0
17-03 06:03:19,87.916,12.023,0.501,0,0,1649524,305244,207196,5683000,20062.795,1623.058,0,348.657,0,22.042,6955,7293,3.730,1.610,0.890,7,0,65.123,0,0,20,32,0,14,0
17-03 06:03:20,87.274,12.717,0.249,0,0,1717004,237596,207200,5683148,16041.370,1615.807,0,187.513,0,6.982,11623,17474,3.910,1.680,0.920,6,0,7.979,0,0,20,33,0,12,0
17-03 06:03:21,88.085,10.260,1.501,0,0,1772000,182184,207204,5683528,21289.481,1621.560,0,708.682,0,10.010,6166,6740,3.910,1.680,0.920,6,0,8.008,0,0,20,33,0,12,0
17-03 06:03:22,85.527,13.504,0.750,0,0,1725876,228236,207204,5683600,20616.446,1620.507,0,140.044,0,8.003,7395,10831,3.910,1.680,0.920,5,0,71.022,0,0,20,35,0,13,0
17-03 06:03:23,85.676,12.989,0.999,0,0,1750008,253100,207216,5642232,12742.924,1456.734,11.990,1486.708,2.997,20.982,6580,12349,3.910,1.680,0.920,6,0,0,0,0,20,35,0,17,0
17-03 06:03:24,82.179,16.286,1.253,0,0,1601544,401632,207232,5642268,20704.171,1623.542,24.052,1791.910,2.004,22.048,7285,9829,3.910,1.680,0.920,5,1,216.472,0,0,20,32,0,17,0
17-03 06:03:25,83.997,15.204,0.249,0,0,1647340,355368,207284,5642684,20573.013,1453.620,131.603,354.931,20.937,6.979,5457,3447,4.160,1.770,0.950,6,0,112.661,0,0,20,32,0,17,0
17-03 06:03:26,89.852,9.761,0.501,0,0,1737652,264596,207316,5643112,19959.721,1691.926,0,368.419,0,8.009,6364,5582,4.160,1.770,0.950,6,0,0,0,0,20,33,0,17,0
17-03 06:03:27,85.463,13.994,0.500,0,0,1790412,201716,207316,5653228,19729.558,1457.376,71.969,1503.357,1.000,22.990,9001,11313,4.160,1.770,0.950,14,0,135.942,0,0,20,33,0,17,0
17-03 06:03:28,82.799,15.759,0.750,0,0,1690916,299092,207316,5655248,22267.267,1458.869,16.010,556.331,1.001,15.009,9521,13536,4.160,1.770,0.950,4,0,154.092,0,0,20,35,0,18,0
17-03 06:03:29,81.072,18.266,1.001,0,0,1592788,396836,207316,5655600,18728.610,1621.438,0,420.373,0,30.027,7214,10826,4.160,1.770,0.950,6,0,304.270,0,0,20,32,0,18,0
17-03 06:03:30,79.812,20.266,0,0.250,0.250,1565348,424192,207328,5655672,12100.407,1459.134,64.050,124.096,11.009,9.007,5672,4336,4.310,1.840,0.980,7,0,262.204,0,0,20,32,0,18,0
17-03 06:03:31,89.882,9.238,0.499,0,0,1704192,285304,207328,5655716,14039.568,1456.088,0,203.733,0,8.988,5941,4702,4.310,1.840,0.980,5,0,51.932,0,0,20,34,0,18,0
17-03 06:03:32,88.199,8.995,2.249,0,0,1731544,257748,207328,5655924,20928.927,1619.066,0,3070.229,0,156.909,7203,9385,4.310,1.840,0.980,5,0,0,0,0,20,34,0,18,0
17-03 06:03:33,80.410,17.480,1.498,0,0,1564044,425176,207328,5655996,82650.280,1456.366,0,271.695,0,21.975,7700,11204,4.310,1.840,0.980,7,0,178.799,0,0,20,34,0,14,0
17-03 06:03:34,89.024,11.285,0.752,0,0,1613612,375460,207328,5656144,19849.126,1625.004,0,228.704,0,20.062,6275,5926,4.310,1.840,0.980,5,0,47.145,0,0,20,32,0,14,0
17-03 06:03:35,85.619,12.731,0.749,0,0,1696236,292804,207328,5656176,16519.736,1455.774,0,119.817,0,6.989,5641,4299,4.360,1.900,1,5,0,76.882,0,0,20,34,0,14,0
17-03 06:03:36,86.761,11.251,2.250,0,0,1588144,400712,207328,5656360,19026.498,2056.270,0,120.016,0,9.001,7220,7963,4.360,1.900,1,5,0,77.010,0,0,20,33,0,14,0
17-03 06:03:37,85.612,13.267,1.502,0,0,1610040,378748,207328,5656428,17450.869,1568.055,0,124.163,0,8.010,6849,7868,4.360,1.900,1,5,0,43.056,0,0,20,34,0,12,0
17-03 06:03:38,87.001,11.750,0.250,0,0,1700732,287888,207328,5656596,11680.115,1512.015,0,4020.040,0,295.003,7014,7064,4.360,1.900,1,5,0,67.001,0,0,20,32,0,14,0
17-03 06:03:39,85.657,12.450,1.743,0,0,1699388,289268,207328,5656620,12347.567,1559.756,0,314.740,0,27.888,6952,7341,4.360,1.900,1,5,0,50.797,0,0,20,33,0,14,0
17-03 06:03:40,83.844,14.811,1.255,0,0,1624848,363764,207328,5656664,21807.535,1464.011,0,377.550,0,36.148,6965,6588,4.410,1.950,1.020,5,0,132.544,0,0,20,32,0,14,0
17-03 06:03:41,87.989,10.499,1.250,0,0,1679940,308512,207328,5656824,16329.938,1619.795,0,203.974,0,13.998,5722,5301,4.410,1.950,1.020,4,0,66.992,0,0,20,34,0,14,0
17-03 06:03:42,83.986,10.467,4.237,0,0,1602116,386248,207336,5656904,20253.360,1453.433,0,338.935,0,22.928,6765,9317,4.410,1.950,1.020,5,0,53.831,0,0,20,34,0,14,0
17-03 06:03:43,80.973,16.295,3.008,0,0,1509384,478780,207336,5657104,15961.037,1624.482,0,449.239,0,23.064,5936,5846,4.410,1.950,1.020,4,0,149.412,0,0,20,32,0,14,0
17-03 06:03:44,89.521,9.226,0.997,0,0,1621872,366280,207336,5657116,21986.725,1496.171,0,1615.864,0,24.936,5399,3068,4.410,1.950,1.020,4,0,0,0,0,20,32,0,15,0
17-03 06:03:45,83.225,12.033,4.262,0,0,1636728,351172,207340,5657364,16321.178,1461.957,0,208.565,0,12.033,6873,9572,4.460,2,1.040,5,0,60.163,0,0,20,35,0,15,0
17-03 06:03:46,73.273,15.755,10.503,0,0,1555232,432612,207344,5657416,14564.635,1620.516,0,300.096,0,28.009,6667,7340,4.460,2,1.040,4,0,224.071,0,0,20,32,0,16,0
17-03 06:03:47,66.440,8.992,23.229,0.250,0,1523788,463896,207348,5657572,20440.653,1456.692,0,3229.102,0,157.858,4933,4230,4.460,2,1.040,4,0,24.978,0,0,20,32,0,17,0
17-03 06:03:48,66.054,9.508,24.270,0,0,1586760,400892,207352,5657600,18758.402,1459.198,0,164.135,0,11.009,5001,4832,4.460,2,1.040,3,0,24.020,0,0,20,34,0,17,0
17-03 06:03:49,66.556,8.475,23.681,0,0,1528668,458924,207352,5657660,12163.630,1615.303,0,354.968,0,34.899,6932,8367,4.460,2,1.040,3,0,33.901,0,0,20,32,0,18,0
17-03 06:03:50,65.574,11.012,23.527,0,0,1599656,387792,207352,5657804,21604.384,1459.647,0,240.271,0,22.025,5135,4802,4.340,2.020,1.050,3,0,89.101,0,0,20,32,0,18,0
17-03 06:03:51,66.615,8.233,24.201,0,0,1629604,357804,207360,5657836,15250.100,1455.052,0,259.474,0,21.956,4535,3242,4.340,2.020,1.050,3,0,0.998,0,0,20,32,0,18,0
17-03 06:03:52,64.887,10.522,24.051,0.251,0,1650312,337056,207360,5657876,23318.156,1515.194,0,144.304,0,7.015,6283,6250,4.340,2.020,1.050,3,0,60.127,0,0,20,33,0,18,0
17-03 06:03:53,65.978,7.497,25.491,0,0,1597900,389252,207360,5658092,16739.345,1565.471,3.999,147.950,1.000,9.997,7174,8086,4.340,2.020,1.050,4,0,40.986,0,0,20,32,0,19,0
17-03 06:03:54,64.923,11.237,23.222,0,0,1596644,390204,207364,5658392,10971.989,1456.273,0,215.744,0,9.988,5129,4340,4.340,2.020,1.050,3,0,52.937,0,0,20,32,0,19,0
17-03 06:03:55,66.476,9.247,23.991,0,0,1597620,389216,207364,5658404,22315.875,1553.434,0,131.952,0,7.997,4443,2604,4.240,2.030,1.070,3,0,42.984,0,0,20,32,0,19,0
17-03 06:03:56,67.233,7.998,23.994,0,0,1584212,402324,207368,5658700,18324.383,1457.633,0,231.942,0,19.995,6202,6771,4.240,2.030,1.070,3,0,33.991,0,0,20,33,0,20,0
17-03 06:03:57,65.389,10.021,24.302,0.251,0,1601288,385216,207372,5658728,12906.414,1569.333,0,208.443,0,20.043,4940,4805,4.240,2.030,1.070,3,0,64.136,0,0,20,32,0,20,0
17-03 06:03:58,62.759,13.002,23.504,0,0,1574992,411488,207372,5658752,20984.128,1458.217,0,108.016,0,8.001,5000,3203,4.240,2.030,1.070,3,0,145.022,0,0,20,32,0,20,0
17-03 06:03:59,62.096,14.022,23.537,0.250,0,1559692,426740,207384,5658788,15233.627,1514.349,8.012,12791.840,2.003,116.180,5703,5084,4.240,2.030,1.070,3,0,155.241,0,0,20,32,0,20,0
17-03 06:04:00,67.251,8.000,24.000,0,0,1591148,395260,207384,5658812,20546.308,1458.022,0,160.002,0,12.000,4771,4571,4.140,2.050,1.080,4,0,0,0,0,20,33,0,20,0
17-03 06:04:01,65.512,7.251,26.255,0,0,1580488,405724,207388,5659004,19899.778,1458.277,0,248.047,0,20.004,7638,9161,4.140,2.050,1.080,5,0,21.004,0,0,20,33,0,21,0
17-03 06:04:02,60.971,14.993,23.988,0,0,1535156,450896,207392,5659160,12161.153,1565.247,0,2686.708,0,176.915,5344,4274,4.140,2.050,1.080,4,0,146.929,0,0,20,32,0,21,0
17-03 06:04:03,68.022,7.252,24.008,0.250,0,1584644,401400,207392,5659168,92041.397,1512.500,0,236.078,0,12.004,4146,1856,4.140,2.050,1.080,4,0,0,0,0,20,33,0,22,0
17-03 06:04:04,63.975,6.747,28.739,0.250,0,1598912,387048,207396,5659248,19973.082,1457.422,0,335.867,0,25.990,7636,10891,4.140,2.050,1.080,3,0,0,0,0,20,34,0,22,0
17-03 06:04:05,60.026,21.009,17.508,0,0,1460224,525632,207396,5659352,19639.493,1566.677,0,292.126,0,24.010,7578,18236,4.040,2.060,1.090,2,0,333.144,0,0,20,32,0,22,0
17-03 06:04:06,45.890,4.988,48.633,0,0.249,1502056,483800,207396,5659352,16114.360,1508.383,0,235.435,0,11.971,2934,1555,4.040,2.060,1.090,2,0,0,0,0,20,33,0,22,0
17-03 06:04:07,46.838,4.508,48.090,0,0,1504392,481320,207400,5659492,19457.457,1460.737,0,228.428,0,14.026,4095,5019,4.040,2.060,1.090,3,0,0,0,0,20,33,0,22,0
17-03 06:04:08,38.496,13.249,47.496,0,0,1486692,498872,207404,5659636,15342.562,1457.863,0,155.985,0,9.999,4665,3887,4.040,2.060,1.090,2,0,165.984,0,0,20,32,0,22,0
17-03 06:04:09,46.149,5.239,48.144,0,0,1535824,449732,207404,5659644,11654.448,1710.250,0,542.810,0,65.856,2932,1505,4.040,2.060,1.090,4,0,0,0,0,20,32,0,21,0
17-03 06:04:10,46.866,4.010,47.367,0.501,0,1536048,449496,207412,5659648,13367.946,1461.602,0,268.662,0,28.069,4985,5672,3.880,2.060,1.090,3,0,5.012,0,0,20,32,0,21,0
17-03 06:04:11,40.226,10.744,47.971,0,0,1485384,499992,207412,5659816,19581.293,1457.129,0,227.864,0,12.992,3672,2108,3.880,2.060,1.090,2,0,94.943,0,0,20,32,0,21,0
17-03 06:04:12,45.747,5.500,48.246,0.250,0,1521396,463964,207412,5659832,15636.825,1619.878,0,267.980,0,24.998,3768,3296,3.880,2.060,1.090,2,0,0,0,0,20,33,0,21,0
17-03 06:04:13,43.977,7.496,47.475,0.250,0,1447884,537280,207420,5660020,19028.163,1457.247,0,1247.355,0,90.953,5991,6909,3.880,2.060,1.090,2,0,34.982,0,0,20,32,0,21,0
17-03 06:04:14,44.485,5.998,48.483,0.250,0,1499756,485392,207432,5660024,20545.951,1457.500,0,1999.314,0,121.958,3071,1927,3.880,2.060,1.090,2,0,0,0,0,20,32,0,21,0
17-03 06:04:15,46.592,5.010,47.594,0.250,0,1517896,466960,207432,5660316,19310.957,1460.871,0,1170.300,0,21.041,5269,5532,3.730,2.060,1.100,4,0,0,0,0,20,32,0,21,0
17-03 06:04:16,42.947,7.990,48.191,0,0,1476080,508760,207436,5660328,20122.204,1618.006,0,107.867,0,7.990,4394,3506,3.730,2.060,1.100,3,0,60.925,0,0,20,32,0,21,0
17-03 06:04:17,45.478,4.998,48.477,0,0,1552540,432280,207440,5660344,11468.539,1457.306,0,123.941,0,5.997,2923,1519,3.730,2.060,1.100,3,0,0,0,0,20,32,0,21,0
17-03 06:04:18,44.570,7.512,46.824,0.250,0,1544192,440028,207444,5660940,11466.054,1460.299,0,2644.163,0,198.312,4981,5643,3.730,2.060,1.100,2,0,73.115,0,0,20,32,0,21,0
17-03 06:04:19,34.713,18.231,46.700,0,0,1541780,442432,207448,5660944,19912.736,1456.445,0,279.701,0,19.979,4441,3046,3.730,2.060,1.100,2,0,309.669,0,0,20,32,0,21,0
17-03 06:04:20,45.243,5.499,48.992,0,0,1569716,414484,207448,5660956,20609.671,1619.738,0,199.968,0,10.998,3048,1909,3.590,2.060,1.100,2,0,0,0,0,20,32,0,21,0
17-03 06:04:21,43.238,7.748,47.237,0.250,0,1513556,470468,207456,5661124,19637.595,1457.599,0,583.839,0,46.987,5861,6132,3.590,2.060,1.100,2,0,94.974,0,0,20,32,0,21,0
17-03 06:04:22,41.227,9.245,48.973,0,0,1537764,446256,207456,5661128,19663.009,1619.095,0,163.908,0,10.994,3167,1652,3.590,2.060,1.100,2,0,45.974,0,0,20,32,0,21,0
17-03 06:04:23,46.026,4.252,48.528,0,0,1580336,403676,207456,5661136,19945.323,1458.828,0,172.098,0,7.004,3225,2008,3.590,2.060,1.100,3,0,0,0,0,20,32,0,21,0
17-03 06:04:24,45.202,6.243,47.200,0.250,0,1564028,419924,207456,5661196,20018.810,1456.458,0,787.167,0,55.941,6639,8936,3.590,2.060,1.100,5,0,29.968,0,0,20,32,0,21,0
17-03 06:04:25,34.057,17.529,48.080,0.250,0,1461076,522712,207456,5661360,12683.077,1460.427,0,108.180,0,11.018,5151,3561,3.460,2.060,1.110,2,0,348.579,0,0,20,32,0,21,0
17-03 06:04:26,23.763,3.002,72.540,0,0,1462904,520868,207456,5661376,23601.911,1554.851,0,180.099,0,8.004,3210,3145,3.460,2.060,1.110,1,0,0,0,0,20,33,0,17,0
17-03 06:04:27,20.250,6.000,72.249,0,0,1401092,582528,207456,5661528,19233.759,1565.980,0,111.999,0,8.000,3482,3142,3.460,2.060,1.110,1,0,55.999,0,0,20,32,0,17,0
17-03 06:04:28,22.967,2.996,73.144,0.250,0,1448020,535596,207460,5661528,12783.477,1455.890,0,59.913,0,7.988,1856,1226,3.460,2.060,1.110,1,0,0,0,0,20,33,0,17,0
17-03 06:04:29,20.528,5.758,72.348,0,0,1437856,545752,207460,5661536,19553.575,1459.984,0,172.234,0,19.026,3360,2956,3.460,2.060,1.110,1,0,64.087,0,0,20,32,0,17,0
17-03 06:04:30,21.012,5.003,73.292,0,0,1478968,504640,207460,5661536,15057.682,1512.872,0,132.076,0,11.006,2096,1369,3.270,2.040,1.110,1,0,27.016,0,0,20,32,0,16,0
17-03 06:04:31,23.729,2.498,72.684,0.250,0,1493076,490520,207464,5661544,20264.724,1564.589,0,223.798,0,14.986,2407,2049,3.270,2.040,1.110,1,0,0.999,0,0,20,33,0,16,0
17-03 06:04:32,19.494,7.248,71.979,0.250,0,1458284,525296,207468,5661556,17547.881,1457.575,0,371.892,0,30.991,3538,3119,3.270,2.040,1.110,1,0,98.971,0,0,20,32,0,16,0
17-03 06:04:33,22.770,2.752,73.314,0,0,1501832,481748,207468,5661556,78325.642,1459.279,0,116.102,0,8.007,1964,1179,3.270,2.040,1.110,1,0,0,0,0,20,32,0,16,0
17-03 06:04:34,23.476,1.998,72.177,0.250,0,1499576,483980,207468,5661580,23849.780,1510.466,0,1642.332,0,155.842,3378,3230,3.270,2.040,1.110,1,0,0,0,0,20,32,0,16,0
17-03 06:04:35,18.445,8.724,72.533,0,0,1416544,567004,207472,5661584,19290.242,1561.325,0,522.436,0,32.901,3089,2071,3.080,2.020,1.100,1,0,93.719,0,0,20,32,0,16,0
17-03 06:04:36,22.570,3.009,72.977,0,0,1447180,536360,207472,5661592,11873.997,1462.557,0,96.300,0,11.034,2078,1510,3.080,2.020,1.100,1,0,0,0,0,20,32,0,16,0
17-03 06:04:37,23.966,2.996,72.149,0,0,1420348,563176,207472,5661608,20887.621,1509.876,0,163.770,0,14.979,4114,4687,3.080,2.020,1.100,2,0,2.996,0,0,20,32,0,16,0
17-03 06:04:38,20.748,4.999,73.242,0,0,1447716,535804,207472,5661612,15599.226,1565.822,0,111.987,0,7.999,2100,1382,3.080,2.020,1.100,1,0,26.997,0,0,20,32,0,13,0
17-03 06:04:39,23.037,2.504,72.866,0.250,0,1461464,522052,207472,5661616,20657.924,1460.327,0,108.172,0,8.013,2478,2073,3.080,2.020,1.100,1,0,0,0,0,20,33,0,13,0
17-03 06:04:40,18.984,8.743,70.940,0,0,1383116,600236,207472,5661780,17267.388,1456.767,0,263.777,0,17.985,4641,4647,2.920,2.010,1.100,1,0,106.910,0,0,20,32,0,14,0
17-03 06:04:41,16.517,22.022,58.559,2.503,0,1388336,594432,207500,5662336,12129.262,1513.530,364.368,280.283,16.016,19.019,5711,4338,2.920,2.010,1.100,1,1,380.385,0,0,20,32,0,16,0
17-03 06:04:42,29.217,4.245,48.445,16.731,0,1448388,531872,208224,5663768,20710.608,1564.233,2101.626,11.986,134.848,1.998,2359,1495,2.920,2.010,1.100,2,0,0.999,0,0,20,32,0,16,0
17-03 06:04:43,42.791,6.006,47.545,3.253,0,1479780,498336,208288,5665720,14680.969,1459.389,144.137,5325.067,6.006,511.487,5001,6058,2.920,2.010,1.100,1,1,27.026,0,0,20,36,0,16,0
17-03 06:04:44,31.007,8.002,39.259,18.254,0,1479796,493576,208660,5670020,22235.163,1500.348,360.084,45230.502,32.007,3763.874,15053,28035,2.920,2.010,1.100,2,2,101.023,0,0,20,36,0,16,0
17-03 06:04:45,17.257,5.252,45.268,29.262,0,1477928,490132,209092,5674324,23661.333,1512.597,2516.993,26154.316,502.198,2776.095,12980,23516,3,2.040,1.120,1,2,45.018,0,0,20,36,0,16,0
17-03 06:04:46,28.957,4.993,46.930,18.223,0,1440420,526060,209200,5675796,25365.159,1563.667,2236.663,20285.737,183.726,1311.044,6301,9276,3,2.040,1.120,2,0,4.993,0,0,20,32,0,13,0
17-03 06:04:47,46.320,5.759,47.822,0.250,0,1481636,484792,209200,5675848,16202.344,1460.194,20.030,961.445,2.003,41.062,3184,1584,3,2.040,1.120,2,0,10.015,0,0,20,32,0,13,0
17-03 06:04:48,29.762,18.508,43.268,6.002,0,1491028,474736,209440,5676268,12285.017,1512.618,0,11876.851,0,1800.735,13237,21462,3,2.040,1.120,2,0,283.116,0,0,20,34,0,13,0
17-03 06:04:49,23.970,27.715,42.697,3.745,0,1467416,498108,209532,5676416,11752.363,1564.052,15.980,13806.804,0.999,1409.245,10945,14704,3,2.040,1.120,3,0,504.372,0,0,20,32,0,13,0
17-03 06:04:50,9.011,22.027,67.082,0.501,0,1445668,519632,209560,5676612,19817.265,1459.787,16.020,2258.766,1.001,130.159,6242,4938,2.840,2.020,1.120,1,0,405.497,0,0,20,32,0,10,0
17-03 06:04:51,11.246,17.244,69.977,0.250,0,1439108,526156,209576,5676632,15218.039,1457.525,0,787.743,0,42.986,5046,3593,2.840,2.020,1.120,2,0,281.908,0,0,20,32,0,10,0
17-03 06:04:52,22.465,3.994,71.640,0.499,0,1448344,516888,209604,5676636,21706.631,1563.596,0,7468.519,0,364.440,2869,2946,2.840,2.020,1.120,3,0,3.994,0,0,20,32,0,10,0
17-03 06:04:53,22.291,4.007,72.634,0.250,0,1471052,494140,209604,5676676,24523.149,1514.789,0,456.841,0,24.044,2160,1370,2.840,2.020,1.120,1,0,2.004,0,0,20,32,0,10,0
17-03 06:04:54,22.394,3.732,73.403,0,0,1447316,517876,209604,5676676,20225.495,1451.148,0,39.812,0,5.972,2061,1234,2.840,2.020,1.120,1,0,2.986,0,0,20,32,0,10,0
17-03 06:04:55,13.042,15.801,69.473,0,0,1435044,530124,209604,5676700,19189.542,1559.000,0,670.149,0,13.042,4564,3031,2.780,2.020,1.120,1,0,259.833,0,0,20,32,0,9,0
17-03 06:04:56,14.981,13.233,70.409,0,0,1423776,541380,209604,5676712,11807.666,1510.039,0,43.943,0,5.992,3907,2742,2.780,2.020,1.120,1,0,207.730,0,0,20,32,0,9,0
17-03 06:04:57,21.494,2.749,73.731,1.250,0,1455300,509752,209604,5676784,12562.698,1511.603,43.988,0,1.000,0,1800,1174,2.780,2.020,1.120,1,0,0,0,0,20,32,0,9,0
17-03 06:04:58,24.291,2.003,72.874,0,0,1478164,486316,209604,5677356,20969.643,1460.482,0,597.015,0,14.024,2094,1465,2.780,2.020,1.120,1,0,0,0,0,20,32,0,9,0
17-03 06:04:59,22.518,3.503,73.057,0.250,0,1445248,518996,209608,5677524,15683.341,1513.191,0,688.542,0,25.020,2042,1316,2.780,2.020,1.120,2,0,9.007,0,0,20,32,0,8,0
17-03 06:05:00,22.735,3.498,73.203,0,0,1470100,494140,209608,5677528,19659.266,1564.986,0,47.969,0,4.997,1945,1218,2.630,2,1.120,1,0,0,0,0,20,32,0,8,0
17-03 06:05:01,17.511,12.508,67.543,1.001,0,1456760,507340,209608,5677668,15065.680,1458.937,52.033,8.005,5.003,1.001,3780,2639,2.630,2,1.120,1,0,221.142,0,0,20,32,0,8,0
17-03 06:05:02,9.007,20.767,69.056,0,0,1444936,519148,209608,5677684,19658.871,1459.178,0,60.048,0,8.006,5826,4076,2.630,2,1.120,1,0,373.301,0,0,20,32,0,8,0
17-03 06:05:03,8.498,21.495,68.483,0,0,1430700,533360,209608,5677708,81994.731,1511.626,0,31.992,0,2.999,6125,4433,2.630,2,1.120,1,0,428.894,0,0,20,32,0,7,0
17-03 06:05:04,8.747,22.492,67.976,0,0,1424952,539076,209608,5677740,12895.431,1565.445,0,39.986,0,3.999,5880,4135,2.630,2,1.120,1,0,411.854,0,0,20,32,0,7,0
17-03 06:05:05,14.758,24.013,59.783,0,0,1418676,545328,209608,5677764,19617.727,1458.798,0,1024.560,0,157.086,6499,13899,2.500,1.990,1.120,1,0,462.253,0,0,20,32,0,8,0
17-03 06:05:06,7.991,21.976,68.176,0,0,1415972,548012,209608,5677784,15796.770,1456.411,0,135.852,0,11.987,5832,4124,2.500,1.990,1.120,1,0,406.557,0,0,20,32,0,8,0
17-03 06:05:07,8.253,21.757,68.772,0,0,1407212,556748,209608,5677808,12618.986,1620.512,0,96.030,0,8.003,5819,4089,2.500,1.990,1.120,2,0,386.122,0,0,20,32,0,6,0
17-03 06:05:08,8.001,21.253,69.258,0,0,1409856,554072,209608,5677840,21650.591,1458.175,0,188.023,0,17.002,5954,4419,2.500,1.990,1.120,1,0,362.043,0,0,20,32,0,6,0
17-03 06:05:09,9.737,20.224,68.660,0,0,1401072,562828,209616,5677860,16381.590,1549.974,0,471.384,0,29.961,5694,3949,2.500,1.990,1.120,1,0,350.542,0,0,20,32,0,6,0
17-03 06:05:10,8.515,22.539,68.369,0,0,1391164,572708,209616,5677888,22352.788,1514.628,0,48.083,0,10.017,5856,4055,2.380,1.970,1.120,2,0,385.669,0,0,20,32,0,6,0
17-03 06:05:11,8.497,21.243,68.977,0,0,1394000,569848,209616,5677912,17398.239,1565.482,0,31.989,0,7.997,5734,3986,2.380,1.970,1.120,1,0,378.875,0,0,20,32,0,5,0
17-03 06:05:12,20.761,22.762,52.528,2.501,0,1386424,575472,209620,5679924,12982.974,1458.784,1981.064,348.187,21.011,17.009,5602,4484,2.380,1.970,1.120,4,0,455.245,0,0,20,32,0,7,0
17-03 06:05:13,47.152,30.935,20.457,0.249,0,1458928,502868,209624,5680020,20860.457,1454.963,67.858,650.642,2.994,39.917,6181,4966,2.380,1.970,1.120,5,0,601.744,0,0,20,32,0,9,0
17-03 06:05:14,71.000,27.250,0.250,2.000,0.250,1603268,355452,209652,5683020,19369.985,1619.999,544.000,967.999,17.000,34.000,17499,3618,2.380,1.970,1.120,5,1,253.000,0,0,20,32,0,11,0
17-03 06:05:15,84.878,11.517,0.751,2.754,0,1706316,244924,210748,5689184,21910.971,1622.441,2187.291,3381.088,86.130,158.238,5628,3570,2.510,2,1.140,7,0,29.044,0,0,20,34,0,11,0
17-03 06:05:16,69.806,11.717,8.726,7.230,0,1717628,224460,210952,5697612,15209.624,1615.499,0,51328.990,0,3883.181,14978,29137,2.510,2,1.140,4,2,117.672,0,0,20,38,0,12,0
17-03 06:05:17,61.081,16.272,12.767,7.510,0,1704044,229452,211080,5706004,20446.205,1459.943,0,54772.879,0,4172.552,16187,30762,2.510,2,1.140,5,0,155.207,0,0,20,36,0,12,0
17-03 06:05:18,67.975,12.450,8.715,7.719,0,1747736,177848,211348,5713584,21947.360,1613.484,0,83490.799,0,5940.010,18041,38187,2.510,2,1.140,7,0,49.799,0,0,20,36,0,12,0
17-03 06:05:19,71.872,11.269,8.014,7.262,0,1765904,152464,211664,5720484,11691.874,1460.483,0,62446.146,0,4611.839,15864,31538,2.510,2,1.140,4,0,53.090,0,0,20,37,0,12,0
17-03 06:05:20,42.356,22.306,23.308,9.524,0,1642444,269652,211768,5726572,12382.952,1624.060,156.391,49303.239,6.015,3636.089,15775,26748,2.550,2.020,1.150,2,0,334.837,0,0,20,34,0,12,0
17-03 06:05:21,45.992,17.497,23.496,10.248,0,1644808,261576,211824,5732488,25105.749,1457.753,263.955,51759.236,3.999,3560.397,15403,28610,2.550,2.020,1.150,5,0,145.975,0,0,20,34,0,12,0
17-03 06:05:22,50.046,18.016,16.765,13.763,0.250,1641092,263148,211888,5734228,19601.904,1621.481,1101.006,38616.271,44.040,3008.748,13519,25790,2.550,2.020,1.150,6,1,170.155,0,0,20,35,0,12,0
17-03 06:05:23,56.803,18.017,14.263,10.009,0,1654276,246300,211976,5737768,22032.510,1459.359,812.757,37046.487,22.020,2897.697,14887,26887,2.550,2.020,1.150,1,2,179.167,0,0,20,35,0,12,0
17-03 06:05:24,44.744,10.998,24.496,15.748,0,1602144,298772,212164,5737248,20542.022,1619.765,279.959,44781.508,13.998,3773.453,15620,29961,2.550,2.020,1.150,4,0,107.984,0,0,20,34,0,12,0
17-03 06:05:25,66.688,6.744,17.983,7.743,0,1651360,247640,212204,5739124,20421.108,1456.652,0,39763.214,0,3477.783,12707,24549,2.830,2.090,1.170,3,0,33.969,0,0,20,34,0,12,0
17-03 06:05:26,61.527,8.254,19.008,8.003,0,1651328,247360,212232,5739404,19586.509,1458.634,0,47748.743,0,4164.809,15486,28960,2.830,2.090,1.170,2,1,27.012,0,0,20,36,0,12,0
17-03 06:05:27,63.285,8.004,20.762,6.003,0,1649236,247644,212252,5741196,11750.513,1620.898,0,32994.288,0,2935.627,14105,26998,2.830,2.090,1.170,4,0,30.017,0,0,20,37,0,13,0
17-03 06:05:28,60.591,11.470,19.200,6.483,0,1612896,281928,212284,5743220,15133.253,1454.181,0,23705.738,0,2508.412,12498,22542,2.830,2.090,1.170,9,0,109.712,0,0,20,36,0,13,0
17-03 06:05:29,61.672,9.527,18.301,9.025,0,1658564,233560,212384,5745820,24121.180,1462.072,0,47793.108,0,3851.727,14745,28174,2.830,2.090,1.170,7,0,45.126,0,0,20,36,0,13,0
17-03 06:05:30,58.993,9.249,21.748,7.999,0,1653080,236416,212416,5748416,15823.252,1457.839,0,40107.569,0,3494.614,15180,28585,2.920,2.120,1.190,6,0,50.994,0,0,20,37,0,13,0
17-03 06:05:31,58.683,9.489,20.726,7.491,0,1651880,235012,212448,5750972,21190.658,1618.141,0,48172.664,0,3790.646,18069,32884,2.920,2.120,1.190,7,0,66.923,0,0,20,36,0,13,0
17-03 06:05:32,61.324,10.763,18.022,9.261,0,1628608,255384,212468,5753836,17920.558,1459.756,0,48025.775,0,4072.900,15183,30688,2.920,2.120,1.190,4,0,99.119,0,0,20,36,0,13,0
17-03 06:05:33,64.149,8.986,17.223,7.987,0,1654944,229784,212488,5753076,87092.471,1455.718,0,47457.604,0,3887.905,13975,27353,2.920,2.120,1.190,3,1,23.962,0,0,20,36,0,13,0
17-03 06:05:34,58.788,8.255,22.264,7.505,0,1652004,236356,212536,5749396,20851.475,1458.943,0,41803.014,0,3491.256,15712,29722,2.920,2.120,1.190,4,1,18.012,0,0,20,37,0,13,0
17-03 06:05:35,63.550,9.257,22.768,4.253,0,1600228,287732,212544,5749788,11339.985,1621.285,0,18342.534,0,1604.271,10579,16943,3.090,2.170,1.210,4,0,76.060,0,0,20,34,0,15,0
17-03 06:05:36,51.739,15.997,30.743,0.500,0,1501064,386888,212544,5749792,20012.745,1641.651,0,11017.658,0,678.856,5452,4791,3.090,2.170,1.210,3,0,211.955,0,0,20,32,0,15,0
17-03 06:05:37,46.713,4.996,47.712,0.250,0,1519648,368300,212544,5749796,18609.161,1456.838,0,647.484,0,37.970,3579,2381,3.090,2.170,1.210,2,0,0,0,0,20,33,0,15,0
17-03 06:05:38,43.497,7.250,46.997,0.750,0,1506400,381528,212544,5749812,13088.137,1619.893,0,5975.606,0,347.977,4558,4209,3.090,2.170,1.210,3,0,33.998,0,0,20,32,0,15,0
17-03 06:05:39,44.678,6.240,48.422,0,0,1516232,371696,212544,5749812,22059.676,1455.669,0,43.930,0,3.994,2997,1309,3.090,2.170,1.210,3,0,0,0,0,20,33,0,15,0
17-03 06:05:40,45.584,5.761,48.089,0,0,1487828,399956,212544,5749956,15478.516,1460.691,0,336.620,0,15.028,3955,2817,3,2.160,1.210,4,0,46.085,0,0,20,32,0,16,0
17-03 06:05:41,45.492,5.749,47.991,0,0,1535372,352412,212544,5749956,20100.413,1541.725,0,151.973,0,9.998,3107,1404,3,2.160,1.210,2,0,14.997,0,0,20,32,0,16,0
17-03 06:05:42,47.179,3.495,48.677,0,0,1550020,337760,212544,5749960,20071.797,1617.566,0,55.916,0,6.989,3277,1799,3,2.160,1.210,2,0,0,0,0,20,33,0,16,0
17-03 06:05:43,45.310,6.509,47.062,0,0,1514320,373428,212544,5749992,11722.428,1459.921,0,104.137,0,9.012,4593,4069,3,2.160,1.210,3,0,43.057,0,0,20,32,0,16,0
17-03 06:05:44,46.501,4.000,48.251,0.250,0.500,1534892,352856,212544,5749992,21528.317,1500.022,0,216.003,0,15.000,2935,1254,3,2.160,1.210,3,0,0,0,0,20,32,0,13,0
17-03 06:05:45,47.300,3.504,47.800,0,0,1539700,348044,212544,5749996,21535.682,1621.708,0,2278.400,0,20.021,4403,3751,2.920,2.160,1.220,3,0,0,0,0,20,33,0,13,0
17-03 06:05:46,36.483,18.741,44.230,0.250,0,1446968,440632,212544,5750152,19720.914,1457.329,0,5693.377,0,102.953,5694,4407,2.920,2.160,1.220,4,0,345.841,0,0,20,32,0,13,0
17-03 06:05:47,40.621,26.914,30.652,0,0,1446916,440456,212544,5750380,15985.143,1453.376,0,681.831,0,30.902,6333,4855,2.920,2.160,1.220,4,0,520.345,0,0,20,34,0,16,0
17-03 06:05:48,73.795,10.542,15.311,1.255,0,1581492,305856,212544,5750404,22802.216,2972.892,144.578,526.105,3.012,41.165,4566,2315,2.920,2.160,1.220,3,0,22.088,0,0,20,34,0,19,0
17-03 06:05:49,68.478,7.748,23.243,0,0,1702252,183100,212544,5752400,464155.411,15188.105,0,495.840,0,16.995,4585,1902,2.920,2.160,1.220,3,0,0,0,0,20,34,0,19,0
17-03 06:05:50,67.498,8.000,20.999,2.750,0,1796056,172980,210884,5671356,583557.293,15622.526,12.000,4643.859,2.000,134.996,5006,2216,2.930,2.180,1.230,3,0,0,0,0,20,34,0,19,0
17-03 06:05:51,60.008,7.001,26.503,5.501,0,1885192,164976,210576,5592408,1132486.222,27377.583,0,16978.222,0,858.112,7265,6740,2.930,2.180,1.230,3,1,19.002,0,0,20,40,0,19,0
17-03 06:05:52,40.952,10.488,34.459,9.489,0,1884944,153228,210676,5604204,1709676.597,40197.614,0,89989.918,0,6240.643,24113,43284,2.930,2.180,1.230,3,0,200.763,0,0,20,40,0,19,0
17-03 06:05:53,34.027,11.009,40.031,11.009,0,1885268,143148,210756,5613800,1014296.709,25191.788,0,84826.630,0,6262.919,23125,42950,2.930,2.180,1.230,1,1,198.156,0,0,20,40,0,19,0
17-03 06:05:54,38.169,8.731,37.670,12.224,0,1885116,135084,210784,5621940,833867.189,20260.000,0,72122.925,0,5439.455,21352,38810,2.930,2.180,1.230,6,1,135.712,0,0,20,40,0,19,0
17-03 06:05:55,45.431,13.729,26.710,9.985,0,1801000,210360,210848,5630668,1839069.217,42995.987,0,60851.988,0,4485.218,20391,34747,3.090,2.220,1.250,4,0,203.692,0,0,20,38,0,19,0
17-03 06:05:56,51.406,12.287,24.324,8.526,0,1829380,174616,210896,5637916,1949016.616,45035.082,0,78298.332,0,5022.287,20775,34695,3.090,2.220,1.250,3,1,70.214,0,0,20,38,0,19,0
17-03 06:05:57,47.049,11.512,29.781,9.260,0,1849348,198048,210900,5595408,2630032.861,56617.046,0,67182.064,0,4281.465,19656,32217,3.090,2.220,1.250,10,0,0,0,0,20,38,0,19,0
17-03 06:05:58,44.667,10.480,30.194,9.981,0,1881040,184980,210864,5577648,3570852.940,85015.650,0,75982.475,0,5127.450,24100,38715,3.090,2.220,1.250,6,0,49.907,0,0,20,40,0,19,0
17-03 06:05:59,42.329,14.527,30.307,8.766,0,1767672,289076,210884,5586880,5953450.220,131027.798,0,70003.321,0,5168.696,27059,40618,3.090,2.220,1.250,4,1,159.299,0,0,20,38,0,19,0
17-03 06:06:00,41.988,11.747,42.988,1.750,0,1476660,576248,210892,5590712,4676136.801,115308.136,0,27584.377,0,1193.670,13612,12679,3.010,2.220,1.250,2,0,159.956,0,0,20,34,0,19,0
17-03 06:06:01,24.472,8.740,64.926,0.250,0,1490664,556348,210892,5596592,6088366.124,141942.159,0,1466.328,0,88.899,10010,9273,3.010,2.220,1.250,1,0,89.898,0,0,20,34,0,19,0
17-03 06:06:02,27.513,6.003,63.531,0.750,0,1538128,501668,210896,5603788,7722777.089,189218.274,0,4430.160,0,243.119,10851,11783,3.010,2.220,1.250,2,0,1.000,0,0,20,34,0,19,0
17-03 06:06:03,28.501,5.750,63.751,0,0.250,1579520,451492,210896,5612556,9471349.280,229096.433,0,36.001,0,4.000,12306,13156,3.010,2.220,1.250,1,0,2.000,0,0,20,34,0,19,0
17-03 06:06:04,28.744,4.249,62.986,0,0,1598348,423772,210896,5621432,9675296.802,215188.422,0,12441.249,0,31.993,12764,12612,3.010,2.220,1.250,2,0,0,0,0,20,36,0,19,0
17-03 06:06:05,24.781,7.009,67.836,0,0,1516276,503976,210900,5623888,1832860.218,48511.146,0,26469.363,0,27.034,5161,5351,2.760,2.180,1.250,7,0,61.077,0,0,20,34,0,19,0
17-03 06:06:06,30.240,4.498,63.728,0,0,1567340,451128,210900,5625048,2001370.000,47935.569,0,91.968,0,5.998,5749,11389,2.760,2.180,1.250,2,0,2.999,0,0,20,34,0,20,0
17-03 06:06:07,26.005,3.751,68.763,0,0,1602732,412392,210900,5628376,3535068.202,85755.991,0,316.059,0,2.000,7613,4837,2.760,2.180,1.250,1,0,0,0,0,20,34,0,20,0
17-03 06:06:08,26.245,3.999,67.487,0.500,0,1586532,423836,210900,5633044,5051221.758,135543.348,31.994,851.833,1.000,98.981,10831,7645,2.760,2.180,1.250,2,0,4.999,0,0,20,34,0,19,0
17-03 06:06:09,17.256,38.013,43.514,0,0,1521360,485252,210900,5636728,3962379.229,85004.151,56.019,14512.806,1.000,39.013,12617,9735,2.760,2.180,1.250,2,0,776.257,0,0,20,34,0,19,0
17-03 06:06:10,19.450,41.144,37.653,0.249,0,1465856,535312,210900,5642024,5517564.309,119979.163,15.959,486.747,2.992,32.915,14734,11395,2.700,2.180,1.250,3,0,911.653,0,0,20,34,0,19,0
17-03 06:06:11,17.040,31.324,50.118,0,0,1457404,535768,210900,5649796,8224760.064,178426.997,0,200.471,0,21.049,18134,14154,2.700,2.180,1.250,2,0,675.586,0,0,20,34,0,19,0
17-03 06:06:12,14.734,24.723,57.936,0,0,1460904,523064,210900,5658736,9621380.994,220993.977,0,47.947,0,11.987,20487,15551,2.700,2.180,1.250,2,0,496.452,0,0,20,34,0,18,0
17-03 06:06:13,15.752,23.754,59.009,0,0,1463104,511044,210900,5668284,10102624.220,218828.517,0,48.007,0,12.002,20107,15027,2.700,2.180,1.250,2,0,512.076,0,0,20,34,0,18,0
17-03 06:06:14,15.497,24.745,57.489,0,0,1466428,496620,210900,5679088,11815461.249,236988.635,0,607.884,0,115.978,22517,17639,2.700,2.180,1.250,1,0,496.905,0,0,20,34,0,18,0
17-03 06:06:15,15.483,24.223,57.436,0,0,1466768,485108,210900,5689952,11449448.481,230269.854,0,51.942,0,12.985,20407,17254,2.570,2.160,1.250,1,0,523.413,0,0,20,34,0,18,0
17-03 06:06:16,16.536,24.804,57.627,0,0,1469440,471252,210900,5700840,11776821.746,240013.270,0,144.317,0,14.031,22020,17632,2.570,2.160,1.250,1,0,491.079,0,0,20,34,0,12,0
17-03 06:06:17,15.504,23.256,58.266,0,0,1473192,456320,210900,5711736,11517497.593,233452.401,0,408.109,0,70.019,21450,17334,2.570,2.160,1.250,1,0,456.122,0,0,20,34,0,12,0
17-03 06:06:18,16.228,24.217,57.421,0.250,0,1472532,445820,210900,5722640,11566640.192,232066.834,0,479.341,0,31.956,22347,18328,2.570,2.160,1.250,2,0,453.376,0,0,20,34,0,12,0
17-03 06:06:19,12.004,22.006,64.769,0,0,1472244,442892,210900,5725676,3183804.571,65719.291,0,140.041,0,17.005,10295,7617,2.570,2.160,1.250,1,0,479.141,0,0,20,34,0,12,0
17-03 06:06:20,27.028,17.768,53.555,0,0,1458988,446628,210900,5734928,9860117.363,194348.148,4.004,324.334,1.001,18.019,18965,13914,2.520,2.160,1.250,2,0,316.326,0,0,20,34,0,14,0
17-03 06:06:21,28.253,5.001,62.507,1.250,0,1495524,398660,210900,5746060,11693257.621,250505.213,100.012,1128.132,7.001,170.020,21554,15734,2.520,2.160,1.250,1,0,3.000,0,0,20,34,0,14,0
17-03 06:06:22,23.966,4.244,66.157,3.495,0,1530036,358416,210900,5751580,5154427.385,108809.447,379.468,112546.208,42.940,216.696,10124,6834,2.520,2.160,1.250,2,0,0,0,0,20,34,0,14,0
17-03 06:06:23,26.783,5.006,64.330,1.502,0,1553880,322976,210904,5762728,9644880.412,205582.662,813.007,2755.413,86.107,174.216,18244,13956,2.520,2.160,1.250,2,0,0,0,0,20,38,0,14,0
17-03 06:06:24,17.503,6.501,61.260,11.502,0,1553248,316956,210912,5769140,2549434.642,57944.992,0,64065.942,0,3978.617,19204,31118,2.520,2.160,1.250,2,0,36.006,0,0,20,38,0,14,0
17-03 06:06:25,29.989,6.498,52.981,9.247,0,1545916,321544,210912,5771804,706249.062,17051.796,71.974,40049.430,2.999,3450.745,14916,26876,2.400,2.140,1.250,4,0,44.984,0,0,20,36,0,16,0
17-03 06:06:26,35.765,7.003,38.517,15.757,0,1576660,287276,210932,5775240,19706.476,1458.627,512.220,44263.038,23.010,3522.515,13713,26167,2.400,2.140,1.250,3,1,44.019,0,0,20,36,0,16,0
17-03 06:06:27,29.248,10.999,43.747,12.749,0,1631768,225664,211228,5781284,19438.588,1619.882,267.981,50208.352,13.999,3917.715,14635,28197,2.400,2.140,1.250,1,2,88.994,0,0,20,36,0,16,0
17-03 06:06:28,22.997,8.749,42.244,23.497,0,1631888,217204,211584,5788900,19364.408,1457.805,543.927,43554.169,39.995,3171.575,13725,24731,2.400,2.140,1.250,1,2,52.993,0,0,20,36,0,16,0
17-03 06:06:29,29.243,7.498,41.239,18.495,0,1624520,216700,211592,5796684,12081.921,1457.628,4686.805,51758.808,774.803,4353.890,17434,32700,2.400,2.140,1.250,1,2,32.992,0,0,20,36,0,14,0
17-03 06:06:30,19.714,6.987,43.421,26.951,0.250,1627828,212680,211724,5797204,11490.219,1659.000,227.588,38554.272,46.915,2772.985,11565,22172,2.530,2.170,1.270,0,3,42.922,0,0,20,36,0,14,0
17-03 06:06:31,16.771,10.013,42.804,28.035,0,1678372,175096,212152,5783964,23750.716,1459.826,893.117,36986.276,126.158,2920.654,12174,22037,2.530,2.170,1.270,1,1,52.065,0,0,20,36,0,14,0
17-03 06:06:32,27.172,11.218,42.876,15.455,0,1694240,156852,212180,5785780,22154.036,1453.803,410.814,39908.775,9.971,3584.650,13654,26217,2.530,2.170,1.270,1,1,31.908,0,0,20,36,0,14,0
17-03 06:06:33,22.549,12.527,42.843,19.041,0,1687680,161168,212224,5787476,87676.697,1623.513,280.607,33364.187,38.082,2777.008,13861,26086,2.530,2.170,1.270,2,1,65.141,0,0,20,36,0,14,0
17-03 06:06:34,31.201,7.988,39.688,17.972,0,1684180,162916,212236,5789128,14907.803,1455.735,175.727,59499.415,8.986,4893.386,15580,32447,2.530,2.170,1.270,1,1,10.983,0,0,20,36,0,14,0
17-03 06:06:35,36.834,6.014,39.841,14.784,0.251,1693080,152224,212256,5790856,21659.306,1461.327,20.046,63260.006,5.011,4398.012,15062,29440,2.570,2.180,1.280,3,0,2.005,0,0,20,36,0,14,0
17-03 06:06:36,34.772,9.006,42.277,10.757,0,1653744,189116,212256,5793240,18936.933,2165.365,0,54774.517,0,4464.814,17229,32374,2.570,2.180,1.280,1,1,32.020,0,0,20,36,0,14,0
17-03 06:06:37,31.947,11.980,42.180,10.982,0,1683608,155584,212276,5796828,13625.439,1455.590,1317.818,64349.450,27.954,5058.624,16751,34277,2.570,2.180,1.280,0,2,32.945,0,0,20,36,0,12,0
17-03 06:06:38,16.280,13.776,40.325,27.301,0,1672084,159496,212828,5803468,22439.926,1460.729,1086.029,65249.911,46.086,4457.328,16286,30515,2.570,2.180,1.280,2,0,113.212,0,0,20,36,0,12,0
17-03 06:06:39,33.755,12.252,40.756,10.752,0,1655732,171604,212840,5807504,21342.011,1458.206,28.004,50655.146,7.001,3976.561,16318,30256,2.570,2.180,1.280,2,0,100.014,0,0,20,36,0,12,0
17-03 06:06:40,39.453,9.988,44.947,4.245,0,1556040,269824,212844,5808948,11367.501,1618.079,35.957,56013.485,4.994,985.829,6799,8582,2.520,2.180,1.280,2,0,149.822,0,0,20,32,0,12,0
17-03 06:06:41,43.293,6.006,46.797,3.754,0,1596148,227796,212872,5810816,20304.301,1459.459,1737.737,1625.625,319.319,95.095,5142,5758,2.520,2.180,1.280,1,1,17.017,0,0,20,32,0,11,0
17-03 06:06:42,36.730,8.246,47.724,6.746,0,1698468,152500,212784,5784532,17302.666,1457.214,2934.417,10782.184,524.717,405.781,4427,4481,2.520,2.180,1.280,3,0,15.991,0,0,20,32,0,11,0
17-03 06:06:43,26.519,23.017,46.784,1.501,0,1669796,178772,212788,5786732,19923.519,1459.063,452.330,8.006,9.007,1.001,5782,4076,2.520,2.180,1.280,1,0,361.263,0,0,20,32,0,11,0
17-03 06:06:44,51.014,14.504,26.757,8.252,0,1685416,163348,212892,5786332,19632.307,4238.146,1344.363,3512.950,96.026,48.013,5170,3613,2.520,2.180,1.280,3,0,209.057,0,0,20,32,0,13,0
17-03 06:06:45,42.955,5.494,49.948,0.250,0,1644052,205728,212892,5785300,11697.841,1696.237,3.996,227.763,0.999,10.989,3291,1608,2.480,2.170,1.280,3,0,51.946,0,0,20,32,1,13,0
17-03 06:06:46,45.535,5.004,48.788,0,0,1660468,304064,212892,5673116,20279.596,1533.179,0,732.563,0,142.109,3060,1293,2.480,2.170,1.280,3,0,15.012,0,0,20,32,1,13,0
17-03 06:06:47,45.406,6.986,46.404,0,0,1701640,231456,212892,5703892,20280.155,1690.512,0,0,0,0,2920,1027,2.480,2.170,1.280,3,0,6.986,0,0,20,32,1,13,0
17-03 06:06:48,21.251,22.751,47.502,8.000,0,1679088,308972,212896,5650100,12005.508,1532.065,904.038,116904.946,49.002,235.010,5191,4111,2.480,2.170,1.280,3,0,258.011,0,0,20,32,1,13,0
17-03 06:06:49,26.035,15.521,48.566,8.762,0,1652472,277748,212960,5706908,20378.561,1534.075,620.840,1321.788,48.065,229.310,3860,2340,2.480,2.170,1.280,2,0,91.123,0,0,20,32,1,7,0
17-03 06:06:50,28.210,11.734,58.918,0,0,1655064,274756,212968,5706960,18763.726,1571.799,7.989,12318.751,1.997,15.978,3152,1665,2.440,2.170,1.290,1,0,50.929,0,0,20,32,1,7,0
17-03 06:06:51,21.987,3.748,73.457,0,0.250,1672956,257900,212968,5705920,20648.802,1619.044,0,3.998,0,0.999,2394,1357,2.440,2.170,1.290,1,0,33.980,0,0,20,32,1,7,0
17-03 06:06:52,23.519,2.502,73.309,0,0,1636668,351596,212968,5649776,19460.687,1533.236,0,0,0,0,1914,1046,2.440,2.170,1.290,1,0,5.004,0,0,20,32,1,7,0
17-03 06:06:53,14.020,8.512,71.603,5.007,0,1639732,347756,213004,5650512,12017.251,1460.096,56.081,6601.477,11.016,268.385,3254,3267,2.440,2.170,1.290,1,0,38.055,0,0,20,32,1,7,0
17-03 06:06:54,18.750,8.500,71.252,0.250,0,1661032,266924,213036,5708612,24602.603,1458.036,0,3604.088,0,66.002,3018,2398,2.440,2.170,1.290,1,0,31.001,0,0,20,32,1,7,0
17-03 06:06:55,17.749,8.500,72.498,0.250,0,1656304,271556,213040,5708616,20384.344,1661.947,0,2647.915,0,9.000,2715,1702,2.320,2.150,1.290,1,0,41.999,0,0,20,32,1,7,0
17-03 06:06:56,24.508,1.000,73.523,0,0,1673940,253920,213040,5708616,21674.685,1532.473,0,0,0,0,1828,989,2.320,2.150,1.290,1,0,2.001,0,0,20,32,1,7,0
17-03 06:06:57,20.484,3.497,74.941,0,0,1630068,298932,213040,5707492,16175.262,1456.853,0,3.997,0,0.999,2129,1277,2.320,2.150,1.290,1,0,30.976,0,0,20,32,1,7,0
17-03 06:06:58,21.769,4.504,73.564,0,0,1634788,351272,213040,5651428,20940.088,1459.261,0,36.031,0,1.001,2150,1229,2.320,2.150,1.290,2,0,13.011,0,0,20,32,1,7,0
17-03 06:06:59,9.734,7.987,70.386,10.733,0,1616488,367424,213184,5653272,15856.428,1617.392,187.697,24396.655,8.986,383.382,4112,5089,2.320,2.150,1.290,1,1,40.934,0,0,20,32,1,7,0
17-03 06:07:00,11.270,14.275,71.625,1.252,0,1588264,384664,213268,5663740,17682.964,129228.288,28.049,8.014,4.007,2.004,4113,2711,2.220,2.130,1.280,2,0,201.353,0,0,20,32,1,7,0
17-03 06:07:01,9.488,15.980,72.907,0,0,1589596,376064,213268,5670372,13153.281,1456.149,0,0,0,0,4303,2878,2.220,2.130,1.280,1,0,237.698,0,0,20,32,1,7,0
17-03 06:07:02,8.506,17.512,73.050,0,0,1584316,365920,213268,5684784,19442.310,1458.999,0,0,0,0,4488,3036,2.220,2.130,1.280,1,0,259.177,0,0,20,32,1,7,0
17-03 06:07:03,10.003,16.005,73.022,0,0,1574540,366060,213268,5693624,87087.163,1620.487,0,0,0,0,4469,2848,2.220,2.130,1.280,1,0,233.070,0,0,20,32,1,7,0
17-03 06:07:04,8.003,18.506,72.023,0,0,1566504,367812,213268,5699336,18983.160,1458.473,0,2016.654,0,3.001,5396,4167,2.220,2.130,1.280,1,0,413.134,0,0,20,32,1,7,0
17-03 06:07:05,8.500,18.749,69.747,1.000,0,1561984,360996,213272,5710240,19051.304,1531.944,23.999,0,3.000,0,6409,5391,2.120,2.110,1.280,1,0,647.976,0,0,20,32,1,7,0
17-03 06:07:06,15.248,22.247,60.993,0.750,0,1581172,323432,213804,5727504,21952.312,1457.821,631.923,14790.189,12.998,25.997,6772,12784,2.120,2.110,1.280,1,0,691.915,0,0,20,32,1,8,0
17-03 06:07:07,7.247,17.493,69.472,4.248,0,1564980,319428,213804,5747120,17488.879,1619.341,1075.562,679.723,13.994,135.945,5687,4693,2.120,2.110,1.280,1,0,536.781,0,0,20,32,1,8,0
17-03 06:07:08,7.245,16.488,69.950,4.747,0,1564732,316936,213804,5749684,12240.171,1456.949,152.890,7.994,26.981,1.999,5238,4219,2.120,2.110,1.280,1,0,466.663,0,0,20,32,1,8,0
17-03 06:07:09,8.732,17.214,71.102,1.247,0,1566224,307108,213804,5757608,11211.667,1616.635,7.983,0,0.998,0,5406,4296,2.120,2.110,1.280,2,0,502.953,0,0,20,32,1,8,0
17-03 06:07:10,14.797,12.289,68.719,2.257,0,1588172,283172,213804,5759340,24408.794,1625.180,0,8250.295,0,471.503,6554,15805,2.110,2.110,1.290,2,0,247.790,0,0,20,32,1,7,0
17-03 06:07:11,17.704,15.958,65.080,0,0,1589416,215584,213804,5823828,21899.917,1615.788,0,1037.296,0,8.977,13836,31245,2.110,2.110,1.290,2,0,51.865,0,0,20,32,1,7,0
17-03 06:07:12,17.034,15.030,64.631,0.501,0,1612144,309964,213804,5712984,21192.893,1623.285,0,138676.672,0,387.785,9545,31176,2.110,2.110,1.290,2,0,37.075,0,0,20,32,1,7,0
17-03 06:07:13,18.247,7.998,72.986,0,0,1625424,296644,213804,5712988,20324.133,1619.692,0,2595.506,0,5.999,2739,1643,2.110,2.110,1.290,1,0,44.991,0,0,20,32,1,7,0
17-03 06:07:14,25.209,1.248,73.132,0,0,1643820,278248,213804,5712988,19818.917,1617.382,0,0,0,0,1823,973,2.110,2.110,1.290,1,0,1.997,0,0,20,32,1,7,0
17-03 06:07:15,21.772,3.754,73.322,0,0,1616016,364364,213804,5655884,15529.345,1533.515,0,108.107,0,5.005,2292,1388,2.020,2.090,1.280,2,0,32.032,0,0,20,32,1,7,0
17-03 06:07:16,17.022,7.260,72.595,1.752,0,1649688,330344,213828,5656404,11496.063,1696.222,24.031,1273.669,6.008,69.091,2633,2086,2.020,2.090,1.280,1,0,34.045,0,0,20,32,1,7,0
17-03 06:07:17,16.002,10.751,66.258,5.501,0,1617240,362148,213948,5656964,19525.443,1532.192,228.029,3192.399,29.004,148.019,4903,5902,2.020,2.090,1.280,1,0,108.014,0,0,20,32,1,7,0
17-03 06:07:18,20.710,5.989,70.865,0.499,0,1607464,370872,213948,5658016,16910.669,1529.077,7.985,1014.061,1.996,128.754,4727,5548,2.020,2.090,1.280,1,0,113.782,0,0,20,32,1,7,0
17-03 06:07:19,11.509,8.006,73.307,6.755,0,1670480,250428,213948,5714100,12712.966,1695.329,0,5360.202,0,101.079,2433,2144,2.020,2.090,1.280,1,0,21.016,0,0,20,32,1,7,0
17-03 06:07:20,18.488,7.995,72.704,0,0,1654212,266628,213948,5714140,22001.146,1573.009,0,2598.364,0,5.996,2767,1672,1.940,2.070,1.280,1,0,44.972,0,0,20,32,1,7,0
17-03 06:07:21,24.227,0.999,73.430,0,0,1647200,273640,213948,5714140,19445.467,1456.612,0,0,0,0,1805,965,1.940,2.070,1.280,1,0,2.997,0,0,20,32,1,7,0
17-03 06:07:22,22.022,3.754,73.574,0,0,1637600,341724,213948,5657032,20507.723,1695.713,0,4.004,0,1.001,2306,1303,1.940,2.070,1.280,1,0,32.032,0,0,20,32,1,5,0
17-03 06:07:23,19.283,6.261,73.375,0.501,0,1650860,328528,213948,5656984,13123.298,1460.481,0,312.531,0,13.022,2407,1565,1.940,2.070,1.280,0,1,29.049,0,0,20,32,1,5,0
17-03 06:07:24,10.747,13.246,71.478,3.499,0,1644024,329420,214092,5662700,11707.340,1619.494,39.987,4330.646,2.999,268.916,4535,3779,1.940,2.070,1.280,2,0,171.946,0,0,20,32,1,5,0
17-03 06:07:25,10.234,15.476,73.137,0,0,1632456,328420,214416,5674124,19990.017,1455.744,0,0,0,0,4343,2733,1.780,2.040,1.270,1,0,219.660,0,0,20,32,1,5,0
17-03 06:07:26,9.016,16.028,73.379,0,0,1624192,325220,214736,5684412,16287.594,1534.694,0,0,0,0,4403,2851,1.780,2.040,1.270,2,0,246.433,0,0,20,32,1,3,0
17-03 06:07:27,9.499,16.498,72.740,0,0,1621196,314616,215168,5696616,20061.301,1619.782,0,0,0,0,4348,2736,1.780,2.040,1.270,3,0,229.969,0,0,20,32,1,3,0
17-03 06:07:28,8.744,16.988,72.698,0,0,1598780,332692,215348,5700200,11457.730,1456.948,0,0,0,0,4632,3340,1.780,2.040,1.270,1,0,296.786,0,0,20,32,1,3,0
17-03 06:07:29,8.743,19.235,69.695,0.250,0,1595572,322856,215408,5712704,19971.099,1456.840,0,2114.317,0,27.978,6716,5951,1.780,2.040,1.270,1,0,702.441,0,0,20,32,1,3,0
17-03 06:07:30,9.265,19.282,69.866,0.250,0,1584472,314240,215440,5731736,19134.639,1135.878,0,14712.327,0,32.053,6243,5356,1.880,2.060,1.280,1,0,637.053,0,0,20,32,1,3,0
17-03 06:07:31,16.748,21.498,60.244,0,0,1589616,289628,215484,5750492,299440.507,7063.328,0,0,0,0,7272,6514,1.880,2.060,1.280,2,0,837.920,0,0,20,32,1,3,0
17-03 06:07:32,19.756,21.256,56.266,1.000,0,1575396,294152,215528,5759764,155698.320,9700.824,61.018,8.002,21.006,2.001,6769,5996,1.880,2.060,1.280,2,0,758.221,0,0,20,32,1,3,0
17-03 06:07:33,23.499,20.499,53.747,0.500,0,1596544,269580,215624,5762712,376172.722,9005.443,83.995,4.000,3.000,1.000,9951,17280,1.880,2.060,1.280,2,0,393.976,0,0,20,32,1,3,0
