10:27:23 RT program started
SHELL=/bin/sh
PWD=/home/ubuntu
LOGNAME=ubuntu
XDG_SESSION_TYPE=tty
HOME=/home/ubuntu
LANG=C.UTF-8
SSH_CONNECTION=10.132.46.214 40912 10.132.46.216 22
XDG_SESSION_CLASS=user
USER=ubuntu
SHLVL=1
XDG_SESSION_ID=6190
XDG_RUNTIME_DIR=/run/user/1000
SSH_CLIENT=10.132.46.214 40912 22
PATH=/usr/local/sbin:/usr/local/bin:/usr/sbin:/usr/bin:/sbin:/bin:/usr/games:/usr/local/games:/snap/bin
DBUS_SESSION_BUS_ADDRESS=unix:path=/run/user/1000/bus
_=/usr/bin/env
10:27:23 RT We are inside agent gate
Reading package lists...
Building dependency tree...
Reading state information...
The following NEW packages will be installed:
  net-tools
0 upgraded, 1 newly installed, 0 to remove and 0 not upgraded.
Need to get 204 kB of archives.
After this operation, 811 kB of additional disk space will be used.
Ign:1 http://nova.clouds.archive.ubuntu.com/ubuntu noble-updates/main amd64 net-tools amd64 2.10-0.1ubuntu4.4
Ign:1 http://nova.clouds.archive.ubuntu.com/ubuntu noble-updates/main amd64 net-tools amd64 2.10-0.1ubuntu4.4
Ign:1 http://nova.clouds.archive.ubuntu.com/ubuntu noble-updates/main amd64 net-tools amd64 2.10-0.1ubuntu4.4
Err:1 http://nova.clouds.archive.ubuntu.com/ubuntu noble-updates/main amd64 net-tools amd64 2.10-0.1ubuntu4.4
  502  Bad Gateway [IP: 10.120.125.146 80]
